[water-change-predictor] Written — TDS ceiling in 11.9d | pH floor in none
[water-change-predictor] Written — TDS ceiling in 12.9d | pH floor in none
[water-change-predictor] Written — TDS ceiling in 25.9d | pH floor in 64.7d
[water-change-predictor] Written — TDS ceiling in 57.9d | pH floor in none
[water-change-predictor] Written — TDS ceiling in 60.5d | pH floor in none
[water-change-predictor] Written — TDS ceiling in 5.1d | pH floor in none
[water-change-predictor] Written — TDS ceiling in 6.1d | pH floor in none
[water-change-predictor] Written — TDS ceiling in 13.9d | pH floor in none
[water-change-predictor] Written — TDS ceiling in 26.9d | pH floor in none
[water-change-predictor] Written — TDS ceiling in none | pH floor in 76.8d
[water-change-predictor] Written — TDS ceiling in none | pH floor in 10.0d
[water-change-predictor] Written — TDS ceiling in 113.7d | pH floor in 4.2d
[water-change-predictor] Written — TDS ceiling in 5.7d | pH floor in 1.4d
[call-toby] Telegram sent (info): Water change looking due soon. pH at 6.42 → hits floor in ~1.4 days. Suggested window: Monday, May 04 (~1d).
[water-change-predictor] Alert sent to Toby.
[water-change-predictor] Written — TDS ceiling in 3.5d | pH floor in 0.0d
[call-toby] Telegram sent (info): Water change looking due soon. pH at 6.15 → hits floor in ~0.0 days. Suggested window: Monday, May 04 (~0d).
[water-change-predictor] Alert sent to Toby.
[water-change-predictor] Written — TDS ceiling in 2.9d | pH floor in 0.0d
[call-toby] Telegram sent (info): Water change looking due soon. pH at 5.74 → hits floor in ~0.0 days. Suggested window: Tuesday, May 05 (~0d).
[water-change-predictor] Alert sent to Toby.
[water-change-predictor] Written — TDS ceiling in 3.1d | pH floor in 0.0d
[call-toby] Telegram sent (info): Water change looking due soon. pH at 5.61 → hits floor in ~0.0 days. Suggested window: Wednesday, May 06 (~0d).
[water-change-predictor] Alert sent to Toby.
[water-change-predictor] Written — TDS ceiling in 2.0d | pH floor in 0.0d
[call-toby] Telegram sent (info): Water change looking due soon. TDS at 243 ppm → hits ceiling in ~2.0 days; pH at 5.55 → hits floor in ~0.0 days. Suggested window: Thursday, May 07 (~0d).
[water-change-predictor] Alert sent to Toby.
[water-change-predictor] Written — TDS ceiling in 5.2d | pH floor in 0.0d
[call-toby] Telegram sent (info): Water change looking due soon. pH at 5.32 → hits floor in ~0.0 days. Suggested window: Friday, May 08 (~0d).
[water-change-predictor] Alert sent to Toby.
[water-change-predictor] Written — TDS ceiling in 11.4d | pH floor in 0.0d
[call-toby] Telegram sent (info): Water change looking due soon. pH at 4.90 → hits floor in ~0.0 days. Suggested window: Saturday, May 09 (~0d).
[water-change-predictor] Alert sent to Toby.
[water-change-predictor] Written — TDS ceiling in 0.0d | pH floor in none
[call-toby] Telegram sent (info): Water change looking due soon. TDS at 250 ppm → hits ceiling in ~0.0 days. Suggested window: Sunday, May 10 (~0d).
[water-change-predictor] Alert sent to Toby.
[water-change-predictor] Written — TDS ceiling in 0.0d | pH floor in none
[call-toby] Telegram sent (info): Water change looking due soon. TDS at 251 ppm → hits ceiling in ~0.0 days. Suggested window: Monday, May 11 (~0d).
[water-change-predictor] Alert sent to Toby.
[water-change-predictor] Written — TDS ceiling in 0.0d | pH floor in none
[call-toby] Telegram sent (info): Water change looking due soon. TDS at 258 ppm → hits ceiling in ~0.0 days. Suggested window: Tuesday, May 12 (~0d).
[water-change-predictor] Alert sent to Toby.
